
> courierapp@0.1.0 build
> next build

   Γû▓ Next.js 15.0.3
   - Environments: .env.local

   Creating an optimized production build ...
 Γ£ô (pwa) Compiling for server...
 Γ£ô (pwa) Compiling for server...
 Γ£ô (pwa) Compiling for client (static)...
 Γùï (pwa) Service worker: C:\Users\Administrator\Downloads\netta\logisticscourier\public\sw.js
 Γùï (pwa)   URL: /sw.js
 Γùï (pwa)   Scope: /
 Γùï (pwa) This app will fallback to these precached routes when fetching from the cache and the network fails:
 Γùï (pwa)   Documents (pages): /~offline
 Γ£ô Compiled successfully
   Linting and checking validity of types ...
node.exe :  Γ¿» ESLint: Invalid 
Options: - Unknown options: 
useEslintrc, extensions - 
'extensions' has been removed.
At C:\Program Files\nodejs\npm.ps1:29 
char:3
+   & $NODE_EXE $NPM_CLI_JS $args
+   ~~~~~~~~~~~~~~~~~~~~~~~~~~~~~
    + CategoryInfo          : NotSpec 
   ified: ( Γ¿» ESLint: In...s been   
  removed.:String) [], RemoteExcept   
 ion
    + FullyQualifiedErrorId : NativeC 
   ommandError
 
   Collecting page data ...
unhandledRejection Error: Cannot find 
module './627.js'
Require stack:
- C:\Users\Administrator\Downloads\net
ta\logisticscourier\.next\server\webpa
ck-runtime.js
- C:\Users\Administrator\Downloads\net
ta\logisticscourier\.next\server\pages
\_document.js
- C:\Users\Administrator\Downloads\net
ta\logisticscourier\node_modules\next\
dist\server\require.js
- C:\Users\Administrator\Downloads\net
ta\logisticscourier\node_modules\next\
dist\server\load-components.js
- C:\Users\Administrator\Downloads\net
ta\logisticscourier\node_modules\next\
dist\build\utils.js
- C:\Users\Administrator\Downloads\net
ta\logisticscourier\node_modules\next\
dist\build\worker.js
- C:\Users\Administrator\Downloads\net
ta\logisticscourier\node_modules\next\
dist\compiled\jest-worker\processChild
.js
    at <unknown> (C:\Users\Administrat
or\Downloads\netta\logisticscourier\no
de_modules\next\dist\server\require-ho
ok.js:55:36)
    at mod.require (C:\Users\Administr
ator\Downloads\netta\logisticscourier\
node_modules\next\dist\server\require-
hook.js:65:28)
    at __webpack_require__.f.require (
C:\Users\Administrator\Downloads\netta
\logisticscourier\.next\server\webpack
-runtime.js:203:28)
    at <unknown> (C:\Users\Administrat
or\Downloads\netta\logisticscourier\.n
ext\server\webpack-runtime.js:116:40) 
{
  type: 'Error',
  code: 'MODULE_NOT_FOUND',
  requireStack: [Array]
}
